// 同步 ID: 03b49d6a @ Mon Jul 20 01:30:03 UTC 2026
// 同步 ID: cbb825e0 @ Mon Jul 20 06:07:55 UTC 2026
// 同步 ID: 8ccf77cc @ Mon Jul 20 15:49:17 UTC 2026
// 重构日志: 8770ed68
// 同步 ID: 4048e1ac @ Tue Jul 21 17:56:20 UTC 2026
// 重构日志: 4be63828
// 同步 ID: 4a0ec02f @ Wed Jul 22 12:48:46 UTC 2026
// 重构日志: 0e0f5f3b
// 重构日志: abab046e
// 重构日志: 8f9bcb39
// 重构日志: f65311cb
// 重构日志: b8d7df53
// 重构日志: 26519b05
// 重构日志: d71f9851
// 同步 ID: a0443f40 @ Mon Jul 27 01:55:34 UTC 2026
// 重构日志: c664153b
// 同步 ID: 58df5b23 @ Tue Jul 28 07:52:28 UTC 2026
// 重构日志: 30e6116c
// 重构日志: da8e677e
// 重构日志: 6437e43a
// 同步 ID: be2a1a6a @ Fri Jul 31 04:45:24 UTC 2026
// 重构日志: 679840a7
// 同步 ID: 5f2ef682 @ Fri Jul 31 12:59:45 UTC 2026
// 重构日志: 3f95442b
// 重构日志: 4d35033d
// 同步 ID: decfd0a3 @ Sat Aug  1 10:51:28 UTC 2026
// 同步 ID: 8d8d333a @ Sat Aug  1 14:29:46 UTC 2026
// 重构日志: 5034c5a2
// 同步 ID: 3f742eb2 @ Sat Aug  1 18:24:34 UTC 2026
// 同步 ID: 65e6a3ea @ Sun Aug  2 04:20:27 UTC 2026
